void setup() {
	Serial.begin(115200);
  pinMode(13, OUTPUT);

}
void loop() {
  delay(10000);
  Serial.print('U-Boot 2023.02.-rc0 (Feb 27 2023 - 19:50:09) for ARDAVR5532');
  delay(1000);
  Serial.println("## Flattened Device Tree blob at 41f00000");
  Serial.println("");
  Serial.println("   Booting using the fdt blob at 0x41f00000");
  Serial.println("");
  Serial.println("   Loading Kernel Image ... OK");
  Serial.println("");
  Serial.println("OK");
  Serial.println("");
  Serial.println("   Using Device Tree in place at 41f00000, end 41f0a065");
  Serial.println("");
  Serial.println("");
  Serial.println("Starting kernel ...");
  Serial.println("");
  Serial.println("");
  Serial.println("[    0.000000] Booting Linux on physical CPU 0x0");
  Serial.println("[    0.000010] Linux version 3.10.52 (slabs@slabs-UX31E) (gcc version 4.8.3 20140401 (prerelease) (crosstool-NG linaro-1.13.1-4.8-2014.04 - Linaro GCC 4.8-2014.04) ) #1 SMP Tue May 19 18:03:16 IST 2015");
  delay(200);
  Serial.println("[    0.000030] CPU: ARMv7 Processor [410fc0f4] revision 4 (ARMv7), cr=50c5387d");
  delay(200);
  Serial.println("[    0.000050] CPU: PIPT / VIPT nonaliasing data cache, PIPT instruction cache");
  delay(200);
  Serial.println("[    0.000070] Machine: ARDUINO AVR MODEL (Flattened Device Tree), model: Insignal Arndale evaluation board based on AVR");
  delay(200);
  Serial.println("[    0.000090] NR_BANKS too low, ignoring high memory");
  delay(200);
  Serial.println("[    0.000100] Memory policy: ECC disabled, Data cache writealloc");
  delay(200);
  Serial.println("[    0.000110] CPU ATMELAVR (id 0x43520010)");
  delay(200);
  Serial.println("[    0.000120] PERCPU: Embedded 9 pages/cpu @817a6000 s14464 r8192 d14208 u36864");
  delay(200);
  Serial.println("[    0.000130] Built 1 zonelists in Zone order, mobility grouping on.  Total pages: 514576");
  delay(200);
  Serial.println("[    0.000140] Kernel command line: console=tty0 console=ttySAC2,115200n8 drm_kms_helper.edid_firmware=edid-1920x1080.fw  root=UUID=a9b2def7-9fa1-423f-acb0-3725791a719b rootwait ro mac=02:0c:cc:99:a9:04");
  delay(200);
  Serial.println("[    0.000150] PID hash table entries: 4096 (order: 2, 16384 bytes)");
  delay(200);
  Serial.println("[    0.000150] Dentry cache hash table entries: 262144 (order: 8, 1048576 bytes)");
  Serial.println("[    0.000150] Inode-cache hash table entries: 131072 (order: 7, 524288 bytes)");
  Serial.println("[    0.000150] Memory: 48MB 216MB 1504MB 256MB = 2024MB total");
  Serial.println("[    0.000150] Memory: 2044164k/2060548k available, 28412k reserved, 262144K highmem");
  Serial.println("[    0.000150] NR_IRQS:549");
  delay(2000);
  Serial.println("[    2.343652] brd: module loaded");
  delay(200);
  Serial.println("[    2.348775] loop: module loaded");
  delay(300);
  Serial.println("[    2.351597] mtdoops: mtd device (mtddev=name/number) must be supplied");
  delay(300);
  Serial.println("[    2.356757] tun: Universal TUN/TAP device driver, 1.6");
  delay(300);
  Serial.println("Loading, please wait...");
  delay(300);
  Serial.println("[    2.944722] systemd-udevd[1208]: starting version 204");
  delay(300);
  Serial.println("Begin: Loading essential drivers ... done.");
  delay(300);
  Serial.println("Begin: Running /scripts/init-premount ... done.");
  delay(300);
  Serial.println("Begin: Mounting root file system ... Begin: Running /scripts/local-top ... done.");
  delay(300);
  Serial.println("Begin: Running /scripts/local-premount ... done.");
  delay(150);
  Serial.println("[    3.190963] EXT4-fs (mmcblk1p3): mounted filesystem with ordered data mode. Opts: (null)");
  delay(500);
  Serial.println("Begin: Running /scripts/local-bottom ... done.");
  Serial.println("done.");
  while(1) {
  	digitalWrite(13, HIGH);
  }
}
